firebaseConfig.ts(8,23): error TS2339: Property 'env' does not exist on type 'ImportMeta'.
firebaseConfig.ts(9,27): error TS2339: Property 'env' does not exist on type 'ImportMeta'.
firebaseConfig.ts(10,26): error TS2339: Property 'env' does not exist on type 'ImportMeta'.
firebaseConfig.ts(11,30): error TS2339: Property 'env' does not exist on type 'ImportMeta'.
firebaseConfig.ts(12,34): error TS2339: Property 'env' does not exist on type 'ImportMeta'.
firebaseConfig.ts(13,22): error TS2339: Property 'env' does not exist on type 'ImportMeta'.
pages/AdminDashboardPage.tsx(321,61): error TS2307: Cannot find module '../services/imageGenerationService' or its corresponding type declarations.
pages/AdminDashboardPage.tsx(360,65): error TS2307: Cannot find module '../services/imageGenerationService' or its corresponding type declarations.
